2026-05-28 19:16:38: INFO     | '6687da6d2d88283319953a6346ced30d0f53e2baac4f7ef44041580e8add0298': INICIO_LOG - Log inicializado |
2026-05-28 19:16:38: INFO     | 'ffff4c8f6fd5e13e88d3d1cd9143e0313c9ee78474cf73eaf84da1957985b993': SISTEMA INICIADO: Nuevo archivo de log (log_gestor_credenciales.log) |
2026-05-28 19:16:39: INFO     | 'aaa6a5c3b4ab41f24c98f383fdffaee6e4856e8229d65efd5b25c583f79eeef1': GestorCredenciales inicializado correctamente |
2026-05-28 19:16:39: DEBUG    | '30b9fb28dd14672bcf4b6d201642d8a55cee279deeacd1fb9cca684031ba06f3': AUTENTICACION_EXITOSA |
2026-05-28 19:16:39: DEBUG    | '17915e21e7e75589165459fe9e43436f6d076326bd6bdb1bb2fb63ddc04c1af7': AUTENTICACION_EXITOSA  |
2026-05-28 19:16:39: DEBUG    | '002c8b2338842707300ae53e6cada9849020b89d15e50ffa920b304eafed1f64': AUTENTICACION_EXITOSA |
2026-05-28 19:16:39: DEBUG    | '496d38bfc341673ae04d1aaadd4986ce4338507b19fa353c61c103544ffe15b3': AUTENTICACION_EXITOSA  |
2026-05-28 19:16:39: DEBUG    | '976df4b12d30905b2d8b6fce5d810dad3e07c9884171213f5472dc4dbe05778d': AUTENTICACION_EXITOSA |
2026-05-28 19:16:39: DEBUG    | '51cf20a9aa2dc2be15bb68ebc1eb470262a43af44f14995f85ecf5bebd1efc05': AUTENTICACION_EXITOSA  |
2026-05-28 19:16:39: INFO     | '636563cae8e1b2c8a5320a60721d0297797e221eb0ee61cbc200d190ec4b9cb3': CREDENCIAL_ANADIDA: Servicio=Ciphercoin, Usuario=01858365b349e4663a8a36e7a949be710d967a09 |
2026-05-28 19:16:39: DEBUG    | '486026676c00974e1f6539a04c0757dfc7e6b724835cda69cc6a2e09a247572e': AUTENTICACION_EXITOSA |
2026-05-28 19:16:39: DEBUG    | 'd644af1ba5a40622b038afd161c7d8f7df598734cc545577577d7735aaa02e20': AUTENTICACION_EXITOSA  |
2026-05-28 19:16:40: DEBUG    | '03e21a708041072ebbc648de1b14300563944af58edbf10f3fa30eadb463493b': AUTENTICACION_EXITOSA |
2026-05-28 19:16:40: DEBUG    | '3fcfc1a32d2a9c69b5dc49cd2dd1aabe66584ecd8907ac72e03853b0454f8543': AUTENTICACION_EXITOSA  |
2026-05-28 19:16:40: INFO     | 'da3012ae827493842b7dec307470b43d7147738b683466aab713c812362e74cd': CREDENCIAL_ANADIDA: Servicio=Ciphercoin, Usuario=75f14af88ab1bf81a5d86aa61c44ad1ba1237b49 |
2026-05-28 19:16:40: DEBUG    | 'd9bb2e368d706db8a78fd89c16f88595d600cd84d2419609b8f3278affcdb07a': AUTENTICACION_EXITOSA |
2026-05-28 19:16:40: DEBUG    | '5a755c554418bc76527afc897f9c46d178f3dd0777432152554e2de59b977123': AUTENTICACION_EXITOSA  |
2026-05-28 19:16:40: DEBUG    | '48f7f6b3fae4d3f2d219abae9553b4b8ac0fa4b210d95ab19cdcd28936af5ec4': AUTENTICACION_EXITOSA |
2026-05-28 19:16:40: DEBUG    | '7e14acbdaf4cee107ee758181f04e70026d8e091ab906aa6e96037f5f5251ba3': AUTENTICACION_EXITOSA  |
2026-05-28 19:16:40: INFO     | '293528f03270948f7544dcf675b3c95e7e501d265fced1a527c7e5b58a96c620': CREDENCIAL_ANADIDA: Servicio=Ciphercoin, Usuario=d769e11af11e73799bcb092346b10c119e3ddd19 |
2026-05-28 19:16:40: DEBUG    | '15dccb7252ab86ed9eb3b2e44229061001a5a7a00ebe729cc85f8fe02cd946f0': AUTENTICACION_EXITOSA |
2026-05-28 19:16:40: DEBUG    | 'e5c2965689c64c306cdc9a4c2282a1b77d254dcc53456d66c7ce785cfbef1c9e': AUTENTICACION_EXITOSA  |
2026-05-28 19:16:41: DEBUG    | '001322cb5543724fdba56d515fca521760a3a3bb96f68083312f76b3df5dcd10': AUTENTICACION_EXITOSA |
2026-05-28 19:16:41: DEBUG    | 'ad6bf7ffa4aada62600ddfba37fda4baadc44b959ba794aaf4ffa5def2418341': AUTENTICACION_EXITOSA  |
2026-05-28 19:16:41: INFO     | 'c0265ddd585193f7141d6a4e64c889e532d359bea8fad9ba6eb0289cd704a3e5': CREDENCIAL_ANADIDA: Servicio=Ciphercoin, Usuario=5853f3e1f663e5bba85bae6f770b9844d815dbb6 |
